<!DOCTYPE html>
<html>
<head>
  <title>gulp-inject</title>
  <!-- inject:html -->
  <link rel="import" href="/fixtures/component.html?my-test=suffix">
  <!-- endinject -->
  <!-- inject:css -->
  <link rel="stylesheet" href="/fixtures/styles.css?my-test=suffix">
  <!-- endinject -->
</head>
<body>
  <!-- inject:png -->
  <!-- endinject -->

  <!-- inject:js -->
  <script src="/fixtures/lib.js?my-test=suffix"></script>
  <script src="/fixtures/lib2.js?my-test=suffix"></script>
  <!-- endinject -->

  <!-- inject:jsx -->
  <script type="text/jsx" src="/fixtures/lib.jsx?my-test=suffix"></script>
  <!-- endinject -->
</body>
</html>
