<!DOCTYPE html>
<html>
<head>
  <title>gulp-inject</title>
  <!-- head:js -->
  <script src="/fixtures/lib.js"></script>
  <script src="/fixtures/lib2.js"></script>
  <!-- endinject -->
</head>
<body>

</body>
</html>
