<!DOCTYPE html>
<html>
<head>
  <title>gulp-inject</title>
  <!-- inject:html -->
  <!-- endinject -->
  <!-- inject:css -->
  <link rel="stylesheet" href="my-style.css">
  <!-- endinject -->
</head>
<body>
  <!-- inject:png -->
  <img src="/fixtures/picture.png">
  <!-- endinject -->

  <!-- inject:js -->
  <!-- endinject -->
</body>
</html>