<!DOCTYPE html>
<html>
<head>
  <title>gulp-inject</title>
  <!-- inject:html -->
  <link rel="import" href="/component.html">
  <!-- endinject -->
  <!-- inject:css -->
  <link rel="stylesheet" href="/styles.css">
  <!-- endinject -->
</head>
<body>
  <!-- inject:png -->
  <!-- endinject -->

  <!-- inject:js -->
  <script src="/lib.js"></script>
  <script src="/lib2.js"></script>
  <!-- endinject -->

  <!-- inject:jsx -->
  <script type="text/jsx" src="/lib.jsx"></script>
  <!-- endinject -->
</body>
</html>
