<!DOCTYPE html>
<html>
<head>
  <title>gulp-inject</title>
  <link rel="import" href="/fixtures/component.html">
  <link rel="stylesheet" href="/fixtures/styles.css">
</head>
<body>
  <img src="/fixtures/image.png">

  <script src="/fixtures/lib.js"></script>

  <script type="text/jsx" src="/fixtures/lib.jsx"></script>
</body>
</html>
