<!DOCTYPE html>
<html>
<head>
  <title>gulp-inject</title>
  <!-- inject:css -->
  <link rel="stylesheet" href="/fixtures/styles.css?0123456789abcdef">
  <!-- endinject -->
</head>
<body>

  <!-- inject:js -->
  <script src="/fixtures/lib.js?abcdef0123456789"></script>
  <!-- endinject -->
</body>
</html>