<!DOCTYPE html>
<html>
<head>
  <title>gulp-inject</title>
  
  
</head>
<body>
  

  <script src="/fixtures/lib.js"></script>
</body>
</html>