<!DOCTYPE html><script src="/lib.js"></script><script src="/lib2.js"></script><link rel="stylesheet" href="/style.css"><h1>Hello world</h1>
