<!DOCTYPE html>
<html>
<head>
  <title>gulp-inject</title>
  <!-- head:js -->
  <script src="/fixtures/lib1.js"></script>
  <script src="/fixtures/lib3.js"></script>
  <!-- endinject -->
</head>
<body>

  <!-- inject:js -->
  <script src="/fixtures/lib2.js"></script>
  <script src="/fixtures/lib4.js"></script>
  <!-- endinject -->
</body>
</html>