<!DOCTYPE html>
<html>
<head>
  <title>gulp-inject</title>
</head>
<body>

  <!-- inject:js-->
  <script src="/fixtures/lib.js?v=1.0.0"></script>
  <!-- endinject-->
</body>
</html>