<!DOCTYPE html>
<html>
<head>
  <title>gulp-inject</title>
  <!-- inject:html -->
  <link rel="import" href="a/folder/component.html">
  <!-- endinject -->
  <!-- inject:css -->
  <link rel="stylesheet" href="a/folder/styles.css">
  <!-- endinject -->
</head>
<body>
  <!-- inject:png -->
  <!-- endinject -->

  <!-- inject:js -->
  <script src="a/folder/lib.js"></script>
  <!-- endinject -->

  <!-- inject:jsx -->
  <script type="text/jsx" src="a/folder/lib.jsx"></script>
  <!-- endinject -->
</body>
</html>
