<!DOCTYPE html>
<html>
<head>
  <title>gulp-inject</title>
  <!-- inject:html -->
  <link rel="import" href="../../another/component.html">
  <!-- endinject -->
  <!-- inject:css -->
  <link rel="stylesheet" href="../../yet-another/styles.css">
  <!-- endinject -->
</head>
<body>
  <!-- inject:png -->
  <!-- endinject -->

  <!-- inject:js -->
  <script src="../../folder/lib.js"></script>
  <script src="../a-folder/lib2.js"></script>
  <!-- endinject -->

  <!-- inject:jsx -->
  <script type="text/jsx" src="../components/lib.jsx"></script>
  <!-- endinject -->
</body>
</html>
